err: <nil>
lotCalls: 1
stale: []
[0] Symbol=1306 Amount=200000 Quantity=190 Limit=1010 Failed=false LotUnknown=false Market=JP JudgedOn=2026-09-13 Month=2026-09-01 Close=1000 Target=200000 Placed=0 Multiplier=1 Tactic=constant
    Reason=今月の目標 200000（基本 200000＋増額 0）− 発注済み 0
    Note=
    Request={ID:d1ea1443df39b0464d09d4fdcd1305bb Sym:1306 Side:BUY Type:LIMIT Qty:190 Limit:1010 Tax:SPECIFIC Trade:CASH Cond: Stop:nil Reason:今月の目標 200000（基本 200000＋増額 0）− 発注済み 0}
started 1306: 2025-01-01 (<nil>)
started 563A: nil (<nil>)
started 2559: nil (<nil>)
