err: <nil>
lotCalls: 0
stale: []
[0] Symbol=1306 Amount=200000 Quantity=0 Limit=nil Failed=true LotUnknown=true Market=JP JudgedOn=2026-09-13 Month=2026-09-01 Close=1000 Target=200000 Placed=0 Multiplier=1 Tactic=constant
    Reason=今月の目標 200000（基本 200000＋増額 0）− 発注済み 0
    Note=売買単位が分からないため発注しません（ブローカーの銘柄情報に無い・取得できない。lot_size_overrides にも無い。既定の 100 株では丸めない）
    Request=nil
started 1306: 2025-01-01 (<nil>)
started 563A: nil (<nil>)
started 2559: nil (<nil>)
