err: <nil>
ErrNoPosition: false
request: {ID:a36c2e546fffe75545d56ac893979b15 Sym:563A Side:SELL Type:LIMIT Qty:1 Limit:1030 Tax:SPECIFIC Trade:CASH Cond: Stop:{Trigger:970 Price:nil} Reason:通常＋逆指値の実機検証（1 単元・約定しない指値）}
trigger=970 corrected=951 limit=1030
step 発注 ok=true 受理（注文番号 B-1）
step 照会 ok=true 状態 SUBMITTED  条件 970 円  発火 false
step 訂正 ok=true 条件 970 円 → 951 円 が照会に反映された
step 取消 ok=true 状態 CANCELLED
log:
  [info] [accum.verify_stop] 逆指値を置きました: 563A 1 株 条件 970 円（ID: a36c2e546fffe75545d56ac893979b15）
calls:
  LotSizes [563A]
  MarketPrices [563A]
  PositionsBySymbol
  Place {ID:a36c2e546fffe75545d56ac893979b15 Sym:563A Side:SELL Type:LIMIT Qty:1 Limit:1030 Tax:SPECIFIC Trade:CASH Cond: Stop:{Trigger:970 Price:nil} Reason:通常＋逆指値の実機検証（1 単元・約定しない指値）}
  GetOrder a36c2e546fffe75545d56ac893979b15 B-1
  CorrectStop a36c2e546fffe75545d56ac893979b15 B-1 trigger=951 price=nil
  GetOrder a36c2e546fffe75545d56ac893979b15 B-1
  GetOrder a36c2e546fffe75545d56ac893979b15 B-1
  Cancel a36c2e546fffe75545d56ac893979b15 B-1
  GetOrder a36c2e546fffe75545d56ac893979b15 B-1
