err: <nil>
ErrNoPosition: false
request: {ID:a36c2e546fffe75545d56ac893979b15 Sym:563A Side:SELL Type:MARKET Qty:1 Limit:nil Tax:SPECIFIC Trade:CASH Cond: Stop:{Trigger:970 Price:nil} Reason:逆指値経路の実機検証（1 単元・発火しない水準）}
trigger=970 corrected=951 limit=0
step 発注 ok=true 受理（注文番号 B-1）
step 照会 ok=true 状態 SUBMITTED  条件 970 円  発火 false
step 訂正 ok=false 訂正後の照会で Stop が nil
step 取消 ok=true 状態 CANCELLED
log:
  [info] [accum.verify_stop] 逆指値を置きました: 563A 1 株 条件 970 円（ID: a36c2e546fffe75545d56ac893979b15）
calls:
  LotSizes [563A]
  MarketPrices [563A]
  PositionsBySymbol
  Place {ID:a36c2e546fffe75545d56ac893979b15 Sym:563A Side:SELL Type:MARKET Qty:1 Limit:nil Tax:SPECIFIC Trade:CASH Cond: Stop:{Trigger:970 Price:nil} Reason:逆指値経路の実機検証（1 単元・発火しない水準）}
  GetOrder a36c2e546fffe75545d56ac893979b15 B-1
  CorrectStop a36c2e546fffe75545d56ac893979b15 B-1 trigger=951 price=nil
  GetOrder a36c2e546fffe75545d56ac893979b15 B-1
  GetOrder a36c2e546fffe75545d56ac893979b15 B-1
  Cancel a36c2e546fffe75545d56ac893979b15 B-1
  GetOrder a36c2e546fffe75545d56ac893979b15 B-1
