=== 実行 1: 2026-09-24 09:31 JST live=true accept_flat=false env=prod
--- 戻り値
<nil>
--- ブローカーへの接続: 1 回
--- ブローカーの呼び出し
GetBalance
PositionsBySymbol
GetOrder cid-7203 B1
GetOrder cid-9984 B2
GetOpenOrders
Place 6758 BUY 900
--- 出した注文
{"client_order_id":"44fd98f452d28dabb0e271836ddb502a","limit_price":"2230","quantity":"900","reason":"atr_risk (強さ 1.00)","side":"BUY","symbol":"6758","tax":"SPECIFIC","trade":"CASH","type":"LIMIT"}
--- 通知
--- 端末
口座: 本番口座 (PROD) (WBJP_ENV=prod)  発注: する (本番発注を行います)

--- ログ
{"app":"wbjp","code":"wbjp.fill","command":"run","env":"prod","level":"info","msg":"7203: SUBMITTED → FILLED（100/100 株約定, ID: cid-7203）","schema":1}
{"app":"wbjp","code":"wbjp.fill_unresolved","command":"run","env":"prod","level":"warn","msg":"注文を照会できません（台帳は未確定のまま）:\n9984（cid-9984）: 照会に失敗","schema":1}
{"app":"wbjp","code":"wbjp.reconcile_skip","command":"run","env":"prod","level":"info","msg":"7203 見送り: 当日買い付けた銘柄のため、差金決済回避で売却を見送り","schema":1}
{"app":"wbjp","code":"wbjp.daily_pnl","command":"run","env":"prod","level":"info","msg":"当日の損益: 実現 0 円・含み 1000 円（上限 100000 円）","schema":1}
{"app":"wbjp","code":"wbjp.order","command":"run","env":"prod","level":"info","msg":"発注成功: 6758 BUY 900株 (ID: 44fd98f452d28dabb0e271836ddb502a)","schema":1}
--- ダイジェスト
{"anomalies":["wbjp.fill_unresolved: 1 件の注文を照会できません（次の実行で再照会）"],"app":"wbjp","changed":1,"command":"run","dry_run_orders":0,"env":"prod","live":true,"orders":1,"outcome":"ok","phase":"run","risk_rejected":0,"schema":"wbjp.digest.v1","targets":2}
=== 最後の状態
--- 台帳 runs
{"accept_flat":"0","as_of":"2026-09-24","cash":null,"env":"prod","equity":null,"error":null,"finished_at":null,"mode":"live","run_id":"seed-1","started_at":"2026-09-23T23:31:00Z","status":"running"}
{"accept_flat":"0","as_of":"2026-09-24","cash":"10000000","env":"prod","equity":"10000000","error":null,"finished_at":"2026-09-24T00:31:00Z","mode":"live","run_id":"<run 1>","started_at":"2026-09-24T00:31:00Z","status":"success"}
--- 台帳 orders
{"avg_fill_price":"1000","broker_order_id":"B1","client_order_id":"cid-7203","filled_quantity":"100","limit_price":"1000","order_type":"LIMIT","placed_at":"2026-09-23T23:31:00Z","placed_on":"2026-09-24","quantity":"100","reason":"seed","run_id":"seed-1","side":"BUY","status":"FILLED","symbol":"7203","updated_at":"2026-09-24T00:31:00Z"}
{"avg_fill_price":null,"broker_order_id":"B2","client_order_id":"cid-9984","filled_quantity":"0","limit_price":"1000","order_type":"LIMIT","placed_at":"2026-09-23T23:31:00Z","placed_on":"2026-09-24","quantity":"100","reason":"seed","run_id":"seed-1","side":"BUY","status":"SUBMITTED","symbol":"9984","updated_at":null}
{"avg_fill_price":null,"broker_order_id":"B/6758","client_order_id":"44fd98f452d28dabb0e271836ddb502a","filled_quantity":"0","limit_price":"2230","order_type":"LIMIT","placed_at":"2026-09-24T00:31:00Z","placed_on":"2026-09-24","quantity":"900","reason":"atr_risk (強さ 1.00)","run_id":"<run 1>","side":"BUY","status":"SUBMITTED","symbol":"6758","updated_at":"2026-09-24T00:31:00Z"}
--- 台帳 stops
{"atr_multiple":"2","created_on":"2026-09-24","entry_price":"1000","highest_close":"1209.4","initial_quantity":"100","initial_stop_price":"952.845255606668864","scaled_out":"0","stop_price":"1162.245255606668864","symbol":"7203","trailing":"1","trailing_pct":null,"updated_at":"2026-09-24T00:31:00Z"}
--- 台帳 risk_events
--- 台帳 position_snapshots
{"as_of":"2026-09-24","cost_price":"1000","last_price":"1010","quantity":"100","run_id":"<run 1>","symbol":"7203"}
--- 台帳 targets
{"quantity":"0","reason":"強さ 0.00 が手仕舞い閾値 0.10 を下回った","run_id":"<run 1>","symbol":"7203"}
{"quantity":"900","reason":"atr_risk (強さ 1.00)","run_id":"<run 1>","symbol":"6758"}
--- 台帳 combined_signals
{"contributions_json":"{}","direction":"0","reason":"シグナルなし","run_id":"<run 1>","symbol":"7203"}
{"contributions_json":"{\"flow_fixed\":1}","direction":"1","reason":"重み付き投票: 合計スコア 1 / 重み 1","run_id":"<run 1>","symbol":"6758"}
{"contributions_json":"{}","direction":"0","reason":"シグナルなし","run_id":"<run 1>","symbol":"9984"}
{"contributions_json":"{}","direction":"0","reason":"シグナルなし","run_id":"<run 1>","symbol":"8306"}
--- 台帳 signals
{"confidence":"1","direction":"1","reason":"固定","run_id":"<run 1>","strategy":"flow_fixed","symbol":"6758"}
