=== 実行 1: 15:18:59.700 JST live=true yes=true ignore_window=false date="" env=prod
--- 戻り値
材料の出た売建 1 件を処置できませんでした（口座を確認してください）
--- ブローカーへの接続: 1 回
--- 照会
E-2001
E-2001
E-2002
E-2002
E-2002
E-2002
E-2002
E-2002
--- 出した注文
--- 取消
E-2001
E-2002
--- 通知
デイトレ: 材料（TOB など）の出た売建 1 件を取消・返済しました | 2001（tob_target 2026-09-24 0930）売建 500 株: 取消（約定なし）
  株式会社K891による当社株券等に対する公開買付けに関する賛同の意見表明
デイトレ: 材料（TOB など）の出た売建を取消・返済できません。口座を確認してください | 2002（tob_target 2026-09-24 0930）売建 700 株（約定 0）: 取消の完了を確かめられません（SUBMITTED、約定 0 株）。次の回で照会し直します
daytrade: 材料の出た売建の処置が異常終了 | 材料の出た売建 1 件を処置できませんでした（口座を確認してください）
--- 端末
口座: 本番口座（WBJP_ENV=prod）  発注: する（本番発注を行います）
材料の出た売建: 2001（tob_target）2026-09-24 0930 株式会社K891による当社株券等に対する公開買付けに関する賛同の意見表明
材料の出た売建: 2002（tob_target）2026-09-24 0930 株式会社K891による当社株券等に対する公開買付けに関する賛同の意見表明
  2001（tob_target 2026-09-24 0930）売建 500 株: 取消（約定なし）
  2002（tob_target 2026-09-24 0930）売建 700 株（約定 0）: 取消の完了を確かめられません（SUBMITTED、約定 0 株）。次の回で照会し直します
--- ログ
{"app":"daytrade","code":"daytrade.config","command":"guard","env":"prod","extra":{"budget_per_order":"666666","data_dir":"<root>/data","day":"2026-09-24","deadline":"15:19:00","enabled":true,"entry_window":["08:59","09:15"],"env":"prod","equity_curve_days":0,"equity_curve_scale":"0.5","exclude_cap_terciles":1,"exit_window":["15:20","15:30"],"iv_gate":"0","kill_switch":false,"live":true,"max_capital":"2000000","max_gap":"0","max_quote_age":90,"max_run_seconds":150,"min_gap":"-1","min_turnover":"100000000","order_budget":"670000","phase":"guard","positions":3,"quote_source":"tachibana","segments":["prime"],"skip_months":null,"state_dir":"<root>/state","strategy":"jp_gap_fade_margin","us_vix_override":"24","weighting":"inverse_vol"},"level":"info","msg":"実行時の設定","schema":1}
{"app":"daytrade","code":"daytrade.corp_guard","command":"guard","env":"prod","extra":{"at":"2026-09-24 0930","headline":"株式会社K891による当社株券等に対する公開買付けに関する賛同の意見表明","kind":"tob_target","symbol":"2001"},"level":"info","msg":"材料の出た売建","schema":1}
{"app":"daytrade","code":"daytrade.corp_guard","command":"guard","env":"prod","extra":{"at":"2026-09-24 0930","headline":"株式会社K891による当社株券等に対する公開買付けに関する賛同の意見表明","kind":"tob_target","symbol":"2002"},"level":"info","msg":"材料の出た売建","schema":1}
{"app":"daytrade","code":"daytrade.fill","command":"guard","env":"prod","extra":{"after":"CANCELLED","before":"SUBMITTED","client_order_id":"E-2001","day":"2026-09-24","filled":"0","quantity":"500","side":"SELL","symbol":"2001","trade":"MARGIN_OPEN"},"level":"info","msg":"材料の出た売建の取消","schema":1}
{"app":"daytrade","code":"daytrade.fill","command":"guard","env":"prod","extra":{"after":"SUBMITTED","before":"SUBMITTED","client_order_id":"E-2002","day":"2026-09-24","filled":"0","quantity":"700","side":"SELL","symbol":"2002","trade":"MARGIN_OPEN"},"level":"info","msg":"材料の出た売建の取消","schema":1}
{"app":"daytrade","code":"daytrade.corp_guard","command":"guard","env":"prod","extra":{"cancelled":true,"client_order_id":"E-2001","filled":"0","headline":"株式会社K891による当社株券等に対する公開買付けに関する賛同の意見表明","kind":"tob_target","quantity":"500","result":"取消（約定なし）","returned":"0","symbol":"2001"},"level":"warn","msg":"材料の出た売建を処置","schema":1}
{"app":"daytrade","code":"daytrade.corp_guard","command":"guard","env":"prod","extra":{"cancelled":true,"client_order_id":"E-2002","error":"取消の完了を確かめられません（SUBMITTED、約定 0 株）。次の回で照会し直します","filled":"0","headline":"株式会社K891による当社株券等に対する公開買付けに関する賛同の意見表明","kind":"tob_target","quantity":"700","result":"","returned":"0","symbol":"2002"},"level":"error","msg":"材料の出た売建を処置できない","schema":1}
{"app":"daytrade","code":"daytrade.run","command":"guard","env":"prod","extra":{"cancelled":2,"deadline":"15:19:00","elapsed_ms":25,"failures":1,"live":true,"marked":2,"phase":"guard","reason":"本番発注を行います","returned":0,"shorts":2},"level":"info","msg":"材料の点検を終了","schema":1}
{"app":"daytrade","code":"daytrade.crash","command":"guard","env":"prod","extra":{"error":"材料の出た売建 1 件を処置できませんでした（口座を確認してください）"},"level":"error","msg":"材料の出た売建の処置が異常終了","schema":1}
--- ダイジェスト
{"anomalies":["daytrade.corp_guard_failed: 材料の出た売建 1 件を処置できず","daytrade.crash: 材料の出た売建 1 件を処置できませんでした（口座を確認してください）","daytrade.command_failed: 材料の出た売建 1 件を処置できませんでした（口座を確認してください）"],"app":"daytrade","command":"guard","env":"prod","outcome":"error","schema":"wbjp.digest.v1"}
=== 最後の状態
--- 台帳
{"ClientOrderID":"E-2001","BrokerOrderID":"N/2001","Day":"2026-09-24T00:00:00Z","Symbol":"2001","Side":"SELL","Quantity":"500","FilledQuantity":"0","Status":"CANCELLED","Price":null,"AvgFillPrice":null,"RefPrice":null,"RefBid":null,"RefAsk":null,"RefAt":null,"PlacedAt":"2026-09-24T00:00:01Z","UpdatedAt":"2026-09-24T06:18:59Z","Reason":"seed","Trade":"MARGIN_OPEN","Condition":"","Verify":false}
{"ClientOrderID":"E-2002","BrokerOrderID":"N/2002","Day":"2026-09-24T00:00:00Z","Symbol":"2002","Side":"SELL","Quantity":"700","FilledQuantity":"0","Status":"SUBMITTED","Price":null,"AvgFillPrice":null,"RefPrice":null,"RefBid":null,"RefAsk":null,"RefAt":null,"PlacedAt":"2026-09-24T00:00:01Z","UpdatedAt":"2026-09-24T06:18:59Z","Reason":"seed","Trade":"MARGIN_OPEN","Condition":"","Verify":false}
